Copyright 1986-2022 Xilinx, Inc. All Rights Reserved. Copyright 2022-2024 Advanced Micro Devices, Inc. All Rights Reserved.
---------------------------------------------------------------------------------------------------------------------------------------------
| Tool Version : Vivado v.2024.2 (win64) Build 5239630 Fri Nov 08 22:35:27 MST 2024
| Date         : Mon May 25 14:42:09 2026
| Host         : DESKTOP-EK3KMT5 running 64-bit major release  (build 9200)
| Command      : report_timing_summary -file C:/Users/ADMIN/Desktop/FPGA_CIFAR10/cifar10_baseline/output/timing_synth.rpt
| Design       : cnn2d_synth_top_cifar
| Device       : 7z020-clg484
| Speed File   : -1  PRODUCTION 1.12 2019-11-22
| Design State : Synthesized
---------------------------------------------------------------------------------------------------------------------------------------------

Timing Summary Report

------------------------------------------------------------------------------------------------
| Timer Settings
| --------------
------------------------------------------------------------------------------------------------

  Enable Multi Corner Analysis               :  Yes
  Enable Pessimism Removal                   :  Yes
  Pessimism Removal Resolution               :  Nearest Common Node
  Enable Input Delay Default Clock           :  No
  Enable Preset / Clear Arcs                 :  No
  Disable Flight Delays                      :  No
  Ignore I/O Paths                           :  No
  Timing Early Launch at Borrowing Latches   :  No
  Borrow Time for Max Delay Exceptions       :  Yes
  Merge Timing Exceptions                    :  Yes
  Inter-SLR Compensation                     :  Conservative

  Corner  Analyze    Analyze    
  Name    Max Paths  Min Paths  
  ------  ---------  ---------  
  Slow    Yes        Yes        
  Fast    Yes        Yes        


------------------------------------------------------------------------------------------------
| Report Methodology
| ------------------
------------------------------------------------------------------------------------------------

No report available as report_methodology has not been run prior. Run report_methodology on the current design for the summary of methodology violations.



check_timing report

Table of Contents
-----------------
1. checking no_clock (0)
2. checking constant_clock (0)
3. checking pulse_width_clock (0)
4. checking unconstrained_internal_endpoints (0)
5. checking no_input_delay (0)
6. checking no_output_delay (0)
7. checking multiple_clock (0)
8. checking generated_clocks (0)
9. checking loops (0)
10. checking partial_input_delay (0)
11. checking partial_output_delay (0)
12. checking latch_loops (0)

1. checking no_clock (0)
------------------------
 There are 0 register/latch pins with no clock.


2. checking constant_clock (0)
------------------------------
 There are 0 register/latch pins with constant_clock.


3. checking pulse_width_clock (0)
---------------------------------
 There are 0 register/latch pins which need pulse_width check


4. checking unconstrained_internal_endpoints (0)
------------------------------------------------
 There are 0 pins that are not constrained for maximum delay.

 There are 0 pins that are not constrained for maximum delay due to constant clock.


5. checking no_input_delay (0)
------------------------------
 There are 0 input ports with no input delay specified.

 There are 0 input ports with no input delay but user has a false path constraint.


6. checking no_output_delay (0)
-------------------------------
 There are 0 ports with no output delay specified.

 There are 0 ports with no output delay but user has a false path constraint

 There are 0 ports with no output delay but with a timing clock defined on it or propagating through it


7. checking multiple_clock (0)
------------------------------
 There are 0 register/latch pins with multiple clocks.


8. checking generated_clocks (0)
--------------------------------
 There are 0 generated clocks that are not connected to a clock source.


9. checking loops (0)
---------------------
 There are 0 combinational loops in the design.


10. checking partial_input_delay (0)
------------------------------------
 There are 0 input ports with partial input delay specified.


11. checking partial_output_delay (0)
-------------------------------------
 There are 0 ports with partial output delay specified.


12. checking latch_loops (0)
----------------------------
 There are 0 combinational latch loops in the design through latch input



------------------------------------------------------------------------------------------------
| Design Timing Summary
| ---------------------
------------------------------------------------------------------------------------------------

    WNS(ns)      TNS(ns)  TNS Failing Endpoints  TNS Total Endpoints      WHS(ns)      THS(ns)  THS Failing Endpoints  THS Total Endpoints     WPWS(ns)     TPWS(ns)  TPWS Failing Endpoints  TPWS Total Endpoints  
    -------      -------  ---------------------  -------------------      -------      -------  ---------------------  -------------------     --------     --------  ----------------------  --------------------  
      9.472        0.000                      0                37396        0.137        0.000                      0                37396       12.000        0.000                       0                 15670  


All user specified timing constraints are met.


------------------------------------------------------------------------------------------------
| Clock Summary
| -------------
------------------------------------------------------------------------------------------------

Clock    Waveform(ns)       Period(ns)      Frequency(MHz)
-----    ------------       ----------      --------------
sys_clk  {0.000 12.500}     25.000          40.000          


------------------------------------------------------------------------------------------------
| Intra Clock Table
| -----------------
------------------------------------------------------------------------------------------------

Clock             WNS(ns)      TNS(ns)  TNS Failing Endpoints  TNS Total Endpoints      WHS(ns)      THS(ns)  THS Failing Endpoints  THS Total Endpoints     WPWS(ns)     TPWS(ns)  TPWS Failing Endpoints  TPWS Total Endpoints  
-----             -------      -------  ---------------------  -------------------      -------      -------  ---------------------  -------------------     --------     --------  ----------------------  --------------------  
sys_clk             9.472        0.000                      0                37396        0.137        0.000                      0                37396       12.000        0.000                       0                 15670  


------------------------------------------------------------------------------------------------
| Inter Clock Table
| -----------------
------------------------------------------------------------------------------------------------

From Clock    To Clock          WNS(ns)      TNS(ns)  TNS Failing Endpoints  TNS Total Endpoints      WHS(ns)      THS(ns)  THS Failing Endpoints  THS Total Endpoints  
----------    --------          -------      -------  ---------------------  -------------------      -------      -------  ---------------------  -------------------  


------------------------------------------------------------------------------------------------
| Other Path Groups Table
| -----------------------
------------------------------------------------------------------------------------------------

Path Group    From Clock    To Clock          WNS(ns)      TNS(ns)  TNS Failing Endpoints  TNS Total Endpoints      WHS(ns)      THS(ns)  THS Failing Endpoints  THS Total Endpoints  
----------    ----------    --------          -------      -------  ---------------------  -------------------      -------      -------  ---------------------  -------------------  


------------------------------------------------------------------------------------------------
| Timing Details
| --------------
------------------------------------------------------------------------------------------------


---------------------------------------------------------------------------------------------------
From Clock:  sys_clk
  To Clock:  sys_clk

Setup :            0  Failing Endpoints,  Worst Slack        9.472ns,  Total Violation        0.000ns
Hold  :            0  Failing Endpoints,  Worst Slack        0.137ns,  Total Violation        0.000ns
PW    :            0  Failing Endpoints,  Worst Slack       12.000ns,  Total Violation        0.000ns
---------------------------------------------------------------------------------------------------


Max Delay Paths
--------------------------------------------------------------------------------------
Slack (MET) :             9.472ns  (required time - arrival time)
  Source:                 u_dut/fmap_a_reg_4/CLKBWRCLK
                            (rising edge-triggered cell RAMB36E1 clocked by sys_clk  {rise@0.000ns fall@12.500ns period=25.000ns})
  Destination:            u_dut/u_conv_3/acc_reg[0][31]/D
                            (rising edge-triggered cell FDRE clocked by sys_clk  {rise@0.000ns fall@12.500ns period=25.000ns})
  Path Group:             sys_clk
  Path Type:              Setup (Max at Slow Process Corner)
  Requirement:            25.000ns  (sys_clk rise@25.000ns - sys_clk rise@0.000ns)
  Data Path Delay:        15.392ns  (logic 10.948ns (71.129%)  route 4.444ns (28.871%))
  Logic Levels:           15  (CARRY4=9 DSP48E1=2 LUT2=3 LUT3=1)
  Clock Path Skew:        -0.145ns (DCD - SCD + CPR)
    Destination Clock Delay (DCD):    2.078ns = ( 27.078 - 25.000 ) 
    Source Clock Delay      (SCD):    2.406ns
    Clock Pessimism Removal (CPR):    0.183ns
  Clock Uncertainty:      0.035ns  ((TSJ^2 + TIJ^2)^1/2 + DJ) / 2 + PE
    Total System Jitter     (TSJ):    0.071ns
    Total Input Jitter      (TIJ):    0.000ns
    Discrete Jitter          (DJ):    0.000ns
    Phase Error              (PE):    0.000ns

    Location             Delay type                Incr(ns)  Path(ns)    Netlist Resource(s)
  -------------------------------------------------------------------    -------------------
                         (clock sys_clk rise edge)    0.000     0.000 r  
                                                      0.000     0.000 r  clk (IN)
                         net (fo=0)                   0.000     0.000    clk
                         IBUF (Prop_ibuf_I_O)         0.921     0.921 r  clk_IBUF_inst/O
                         net (fo=1, unplaced)         0.800     1.721    clk_IBUF
                         BUFG (Prop_bufg_I_O)         0.101     1.822 r  clk_IBUF_BUFG_inst/O
                         net (fo=15755, unplaced)     0.584     2.406    u_dut/clk
                         RAMB36E1                                     r  u_dut/fmap_a_reg_4/CLKBWRCLK
  -------------------------------------------------------------------    -------------------
                         RAMB36E1 (Prop_ramb36e1_CLKBWRCLK_DOBDO[0])
                                                      2.454     4.860 r  u_dut/fmap_a_reg_4/DOBDO[0]
                         net (fo=3, unplaced)         0.800     5.660    u_dut/u_conv_3/fm_rd_data[16]
                         LUT2 (Prop_lut2_I1_O)        0.124     5.784 r  u_dut/u_conv_3/p1_full_product[2]__0_i_1/O
                         net (fo=8, unplaced)         0.800     6.584    u_dut/u_conv_3/p1_data_mux[16]
                         DSP48E1 (Prop_dsp48e1_B[16]_P[47])
                                                      3.656    10.240 r  u_dut/u_conv_3/p1_full_product[0]__0/P[47]
                         net (fo=18, unplaced)        0.800    11.039    u_dut/u_conv_3/p1_full_product[0]__0_n_58
                         DSP48E1 (Prop_dsp48e1_C[47]_P[0])
                                                      1.820    12.859 r  u_dut/u_conv_3/p1_full_product[0]/P[0]
                         net (fo=2, unplaced)         0.800    13.659    u_dut/u_conv_3/p1_full_product_n_105_[0]
                         LUT2 (Prop_lut2_I0_O)        0.124    13.783 r  u_dut/u_conv_3/acc[0][3]_i_10/O
                         net (fo=1, unplaced)         0.000    13.783    u_dut/u_conv_3/acc[0][3]_i_10_n_0
                         CARRY4 (Prop_carry4_S[1]_CO[3])
                                                      0.533    14.316 r  u_dut/u_conv_3/acc_reg[0][3]_i_7/CO[3]
                         net (fo=1, unplaced)         0.009    14.325    u_dut/u_conv_3/acc_reg[0][3]_i_7_n_0
                         CARRY4 (Prop_carry4_CI_CO[3])
                                                      0.117    14.442 r  u_dut/u_conv_3/acc_reg[0][7]_i_7/CO[3]
                         net (fo=1, unplaced)         0.000    14.442    u_dut/u_conv_3/acc_reg[0][7]_i_7_n_0
                         CARRY4 (Prop_carry4_CI_CO[3])
                                                      0.117    14.559 r  u_dut/u_conv_3/acc_reg[0][11]_i_7/CO[3]
                         net (fo=1, unplaced)         0.000    14.559    u_dut/u_conv_3/acc_reg[0][11]_i_7_n_0
                         CARRY4 (Prop_carry4_CI_CO[3])
                                                      0.117    14.676 r  u_dut/u_conv_3/acc_reg[0][15]_i_7/CO[3]
                         net (fo=1, unplaced)         0.000    14.676    u_dut/u_conv_3/acc_reg[0][15]_i_7_n_0
                         CARRY4 (Prop_carry4_CI_CO[3])
                                                      0.117    14.793 r  u_dut/u_conv_3/acc_reg[0][19]_i_7/CO[3]
                         net (fo=1, unplaced)         0.000    14.793    u_dut/u_conv_3/acc_reg[0][19]_i_7_n_0
                         CARRY4 (Prop_carry4_CI_CO[3])
                                                      0.117    14.910 r  u_dut/u_conv_3/acc_reg[0][23]_i_7/CO[3]
                         net (fo=1, unplaced)         0.000    14.910    u_dut/u_conv_3/acc_reg[0][23]_i_7_n_0
                         CARRY4 (Prop_carry4_CI_O[3])
                                                      0.331    15.241 r  u_dut/u_conv_3/acc_reg[0][27]_i_7/O[3]
                         net (fo=1, unplaced)         0.618    15.859    u_dut/u_conv_3/p1_full_product[0]__2__0[43]
                         LUT2 (Prop_lut2_I1_O)        0.307    16.166 r  u_dut/u_conv_3/acc[0][27]_i_3/O
                         net (fo=1, unplaced)         0.000    16.166    u_dut/u_conv_3/acc[0][27]_i_3_n_0
                         CARRY4 (Prop_carry4_S[3]_CO[3])
                                                      0.376    16.542 r  u_dut/u_conv_3/acc_reg[0][27]_i_2/CO[3]
                         net (fo=1, unplaced)         0.000    16.542    u_dut/u_conv_3/acc_reg[0][27]_i_2_n_0
                         CARRY4 (Prop_carry4_CI_O[3])
                                                      0.331    16.873 r  u_dut/u_conv_3/acc_reg[0][31]_i_4/O[3]
                         net (fo=1, unplaced)         0.618    17.491    u_dut/u_conv_3/acc_reg[0][31]_i_4_n_4
                         LUT3 (Prop_lut3_I2_O)        0.307    17.798 r  u_dut/u_conv_3/acc[0][31]_i_3/O
                         net (fo=1, unplaced)         0.000    17.798    u_dut/u_conv_3/acc[0][31]_i_3_n_0
                         FDRE                                         r  u_dut/u_conv_3/acc_reg[0][31]/D
  -------------------------------------------------------------------    -------------------

                         (clock sys_clk rise edge)   25.000    25.000 r  
                                                      0.000    25.000 r  clk (IN)
                         net (fo=0)                   0.000    25.000    clk
                         IBUF (Prop_ibuf_I_O)         0.788    25.788 r  clk_IBUF_inst/O
                         net (fo=1, unplaced)         0.760    26.548    clk_IBUF
                         BUFG (Prop_bufg_I_O)         0.091    26.639 r  clk_IBUF_BUFG_inst/O
                         net (fo=15755, unplaced)     0.439    27.078    u_dut/u_conv_3/clk
                         FDRE                                         r  u_dut/u_conv_3/acc_reg[0][31]/C
                         clock pessimism              0.183    27.261    
                         clock uncertainty           -0.035    27.226    
                         FDRE (Setup_fdre_C_D)        0.044    27.270    u_dut/u_conv_3/acc_reg[0][31]
  -------------------------------------------------------------------
                         required time                         27.270    
                         arrival time                         -17.798    
  -------------------------------------------------------------------
                         slack                                  9.472    





Min Delay Paths
--------------------------------------------------------------------------------------
Slack (MET) :             0.137ns  (arrival time - required time)
  Source:                 u_dut/u_conv_3/cur_max_reg[31]/C
                            (rising edge-triggered cell FDSE clocked by sys_clk  {rise@0.000ns fall@12.500ns period=25.000ns})
  Destination:            u_dut/u_conv_3/cur_max_reg[31]/D
                            (rising edge-triggered cell FDSE clocked by sys_clk  {rise@0.000ns fall@12.500ns period=25.000ns})
  Path Group:             sys_clk
  Path Type:              Hold (Min at Fast Process Corner)
  Requirement:            0.000ns  (sys_clk rise@0.000ns - sys_clk rise@0.000ns)
  Data Path Delay:        0.381ns  (logic 0.245ns (64.350%)  route 0.136ns (35.650%))
  Logic Levels:           1  (LUT6=1)
  Clock Path Skew:        0.145ns (DCD - SCD - CPR)
    Destination Clock Delay (DCD):    0.982ns
    Source Clock Delay      (SCD):    0.628ns
    Clock Pessimism Removal (CPR):    0.209ns

    Location             Delay type                Incr(ns)  Path(ns)    Netlist Resource(s)
  -------------------------------------------------------------------    -------------------
                         (clock sys_clk rise edge)    0.000     0.000 r  
                                                      0.000     0.000 r  clk (IN)
                         net (fo=0)                   0.000     0.000    clk
                         IBUF (Prop_ibuf_I_O)         0.151     0.151 r  clk_IBUF_inst/O
                         net (fo=1, unplaced)         0.337     0.488    clk_IBUF
                         BUFG (Prop_bufg_I_O)         0.026     0.514 r  clk_IBUF_BUFG_inst/O
                         net (fo=15755, unplaced)     0.114     0.628    u_dut/u_conv_3/clk
                         FDSE                                         r  u_dut/u_conv_3/cur_max_reg[31]/C
  -------------------------------------------------------------------    -------------------
                         FDSE (Prop_fdse_C_Q)         0.147     0.775 r  u_dut/u_conv_3/cur_max_reg[31]/Q
                         net (fo=2, unplaced)         0.136     0.911    u_dut/u_conv_3/cur_max_reg_n_0_[31]
                         LUT6 (Prop_lut6_I5_O)        0.098     1.009 r  u_dut/u_conv_3/cur_max[31]_i_1/O
                         net (fo=1, unplaced)         0.000     1.009    u_dut/u_conv_3/cur_max[31]_i_1_n_0
                         FDSE                                         r  u_dut/u_conv_3/cur_max_reg[31]/D
  -------------------------------------------------------------------    -------------------

                         (clock sys_clk rise edge)    0.000     0.000 r  
                                                      0.000     0.000 r  clk (IN)
                         net (fo=0)                   0.000     0.000    clk
                         IBUF (Prop_ibuf_I_O)         0.339     0.339 r  clk_IBUF_inst/O
                         net (fo=1, unplaced)         0.355     0.694    clk_IBUF
                         BUFG (Prop_bufg_I_O)         0.029     0.723 r  clk_IBUF_BUFG_inst/O
                         net (fo=15755, unplaced)     0.259     0.982    u_dut/u_conv_3/clk
                         FDSE                                         r  u_dut/u_conv_3/cur_max_reg[31]/C
                         clock pessimism             -0.209     0.773    
                         FDSE (Hold_fdse_C_D)         0.099     0.872    u_dut/u_conv_3/cur_max_reg[31]
  -------------------------------------------------------------------
                         required time                         -0.872    
                         arrival time                           1.009    
  -------------------------------------------------------------------
                         slack                                  0.137    





Pulse Width Checks
--------------------------------------------------------------------------------------
Clock Name:         sys_clk
Waveform(ns):       { 0.000 12.500 }
Period(ns):         25.000
Sources:            { clk }

Check Type        Corner  Lib Pin      Reference Pin  Required(ns)  Actual(ns)  Slack(ns)  Location  Pin
Min Period        n/a     DSP48E1/CLK  n/a            3.687         25.000      21.313               u_dut/u_conv_3/bn_product_reg1__0/CLK
Low Pulse Width   Slow    FDRE/C       n/a            0.500         12.500      12.000               pred_reg_reg[0]/C
High Pulse Width  Slow    FDRE/C       n/a            0.500         12.500      12.000               pred_reg_reg[0]/C



